

================================================================
== Vivado HLS Report for 'conv_line_buffer_shi'
================================================================
* Date:           Sun Dec  6 12:52:28 2020

* Version:        2019.1 (Build 2552052 on Fri May 24 15:28:33 MDT 2019)
* Project:        lab2_fpga_lql
* Solution:       solution4_partition
* Product family: artix7
* Target device:  xc7a12ti-csg325-1L


================================================================
== Performance Estimates
================================================================
+ Timing (ns): 
    * Summary: 
    +--------+-------+----------+------------+
    |  Clock | Target| Estimated| Uncertainty|
    +--------+-------+----------+------------+
    |ap_clk  |  10.00|     2.152|        1.25|
    +--------+-------+----------+------------+

+ Latency (clock cycles): 
    * Summary: 
    +-----+-----+-----+-----+----------+
    |  Latency  |  Interval | Pipeline |
    | min | max | min | max |   Type   |
    +-----+-----+-----+-----+----------+
    |   14|   14|   15|   15| function |
    +-----+-----+-----+-----+----------+

    + Detail: 
        * Instance: 
        N/A

        * Loop: 
        N/A



================================================================
== Utilization Estimates
================================================================
* Summary: 
+-----------------+---------+-------+-------+------+-----+
|       Name      | BRAM_18K| DSP48E|   FF  |  LUT | URAM|
+-----------------+---------+-------+-------+------+-----+
|DSP              |        -|      -|      -|     -|    -|
|Expression       |        -|      -|      -|     -|    -|
|FIFO             |        -|      -|      -|     -|    -|
|Instance         |        -|      -|      -|     -|    -|
|Memory           |        -|      -|      -|     -|    -|
|Multiplexer      |        -|      -|      -|   328|    -|
|Register         |        -|      -|    431|     -|    -|
+-----------------+---------+-------+-------+------+-----+
|Total            |        0|      0|    431|   328|    0|
+-----------------+---------+-------+-------+------+-----+
|Available        |       40|     40|  16000|  8000|    0|
+-----------------+---------+-------+-------+------+-----+
|Utilization (%)  |        0|      0|      2|     4|    0|
+-----------------+---------+-------+-------+------+-----+

+ Detail: 
    * Instance: 
    N/A

    * DSP48E: 
    N/A

    * Memory: 
    N/A

    * FIFO: 
    N/A

    * Expression: 
    N/A

    * Multiplexer: 
    +---------------------------+----+-----------+-----+-----------+
    |            Name           | LUT| Input Size| Bits| Total Bits|
    +---------------------------+----+-----------+-----+-----------+
    |ap_NS_fsm                  |  65|         16|    1|         16|
    |cal_conv_0_1_o             |   9|          2|   32|         64|
    |cal_conv_0_2_o             |   9|          2|   32|         64|
    |cal_conv_1_0_o             |   9|          2|   32|         64|
    |cal_conv_1_1_o             |   9|          2|   32|         64|
    |cal_conv_1_2_o             |   9|          2|   32|         64|
    |cal_conv_2_0_o             |   9|          2|   32|         64|
    |cal_conv_2_1_o             |   9|          2|   32|         64|
    |cal_conv_2_2_o             |   9|          2|   32|         64|
    |conv_line_buffer_address0  |  53|         12|    4|         48|
    |conv_line_buffer_address1  |  50|         11|    4|         44|
    |conv_line_buffer_d0        |  44|          9|   32|        288|
    |conv_line_buffer_d1        |  44|          9|   32|        288|
    +---------------------------+----+-----------+-----+-----------+
    |Total                      | 328|         73|  329|       1196|
    +---------------------------+----+-----------+-----+-----------+

    * Register: 
    +---------------------------------+----+----+-----+-----------+
    |               Name              | FF | LUT| Bits| Const Bits|
    +---------------------------------+----+----+-----+-----------+
    |ap_CS_fsm                        |  15|   0|   15|          0|
    |ap_port_reg_data                 |  32|   0|   32|          0|
    |conv_line_buffer_loa_10_reg_232  |  32|   0|   32|          0|
    |conv_line_buffer_loa_11_reg_237  |  32|   0|   32|          0|
    |conv_line_buffer_loa_1_reg_196   |  32|   0|   32|          0|
    |conv_line_buffer_loa_4_reg_202   |  32|   0|   32|          0|
    |conv_line_buffer_loa_5_reg_207   |  32|   0|   32|          0|
    |conv_line_buffer_loa_6_reg_212   |  32|   0|   32|          0|
    |conv_line_buffer_loa_7_reg_217   |  32|   0|   32|          0|
    |conv_line_buffer_loa_8_reg_222   |  32|   0|   32|          0|
    |conv_line_buffer_loa_9_reg_227   |  32|   0|   32|          0|
    |conv_line_buffer_loa_reg_190     |  32|   0|   32|          0|
    |reg_92                           |  32|   0|   32|          0|
    |reg_98                           |  32|   0|   32|          0|
    +---------------------------------+----+----+-----+-----------+
    |Total                            | 431|   0|  431|          0|
    +---------------------------------+----+----+-----+-----------+



================================================================
== Interface
================================================================
* Summary: 
+---------------------------+-----+-----+------------+----------------------+--------------+
|         RTL Ports         | Dir | Bits|  Protocol  |     Source Object    |    C Type    |
+---------------------------+-----+-----+------------+----------------------+--------------+
|ap_clk                     |  in |    1| ap_ctrl_hs | conv_line_buffer_shi | return value |
|ap_rst                     |  in |    1| ap_ctrl_hs | conv_line_buffer_shi | return value |
|ap_start                   |  in |    1| ap_ctrl_hs | conv_line_buffer_shi | return value |
|ap_done                    | out |    1| ap_ctrl_hs | conv_line_buffer_shi | return value |
|ap_idle                    | out |    1| ap_ctrl_hs | conv_line_buffer_shi | return value |
|ap_ready                   | out |    1| ap_ctrl_hs | conv_line_buffer_shi | return value |
|ap_ce                      |  in |    1| ap_ctrl_hs | conv_line_buffer_shi | return value |
|data                       |  in |   32|   ap_none  |         data         |    scalar    |
|cal_conv_1_0_i             |  in |   32|   ap_ovld  |     cal_conv_1_0     |    pointer   |
|cal_conv_1_0_o             | out |   32|   ap_ovld  |     cal_conv_1_0     |    pointer   |
|cal_conv_1_0_o_ap_vld      | out |    1|   ap_ovld  |     cal_conv_1_0     |    pointer   |
|cal_conv_2_0_i             |  in |   32|   ap_ovld  |     cal_conv_2_0     |    pointer   |
|cal_conv_2_0_o             | out |   32|   ap_ovld  |     cal_conv_2_0     |    pointer   |
|cal_conv_2_0_o_ap_vld      | out |    1|   ap_ovld  |     cal_conv_2_0     |    pointer   |
|cal_conv_0_1_i             |  in |   32|   ap_ovld  |     cal_conv_0_1     |    pointer   |
|cal_conv_0_1_o             | out |   32|   ap_ovld  |     cal_conv_0_1     |    pointer   |
|cal_conv_0_1_o_ap_vld      | out |    1|   ap_ovld  |     cal_conv_0_1     |    pointer   |
|cal_conv_0_0               | out |   32|   ap_vld   |     cal_conv_0_0     |    pointer   |
|cal_conv_0_0_ap_vld        | out |    1|   ap_vld   |     cal_conv_0_0     |    pointer   |
|cal_conv_0_2_i             |  in |   32|   ap_ovld  |     cal_conv_0_2     |    pointer   |
|cal_conv_0_2_o             | out |   32|   ap_ovld  |     cal_conv_0_2     |    pointer   |
|cal_conv_0_2_o_ap_vld      | out |    1|   ap_ovld  |     cal_conv_0_2     |    pointer   |
|cal_conv_1_1_i             |  in |   32|   ap_ovld  |     cal_conv_1_1     |    pointer   |
|cal_conv_1_1_o             | out |   32|   ap_ovld  |     cal_conv_1_1     |    pointer   |
|cal_conv_1_1_o_ap_vld      | out |    1|   ap_ovld  |     cal_conv_1_1     |    pointer   |
|cal_conv_1_2_i             |  in |   32|   ap_ovld  |     cal_conv_1_2     |    pointer   |
|cal_conv_1_2_o             | out |   32|   ap_ovld  |     cal_conv_1_2     |    pointer   |
|cal_conv_1_2_o_ap_vld      | out |    1|   ap_ovld  |     cal_conv_1_2     |    pointer   |
|cal_conv_2_1_i             |  in |   32|   ap_ovld  |     cal_conv_2_1     |    pointer   |
|cal_conv_2_1_o             | out |   32|   ap_ovld  |     cal_conv_2_1     |    pointer   |
|cal_conv_2_1_o_ap_vld      | out |    1|   ap_ovld  |     cal_conv_2_1     |    pointer   |
|cal_conv_2_2_i             |  in |   32|   ap_ovld  |     cal_conv_2_2     |    pointer   |
|cal_conv_2_2_o             | out |   32|   ap_ovld  |     cal_conv_2_2     |    pointer   |
|cal_conv_2_2_o_ap_vld      | out |    1|   ap_ovld  |     cal_conv_2_2     |    pointer   |
|conv_line_buffer_address0  | out |    4|  ap_memory |   conv_line_buffer   |     array    |
|conv_line_buffer_ce0       | out |    1|  ap_memory |   conv_line_buffer   |     array    |
|conv_line_buffer_we0       | out |    1|  ap_memory |   conv_line_buffer   |     array    |
|conv_line_buffer_d0        | out |   32|  ap_memory |   conv_line_buffer   |     array    |
|conv_line_buffer_q0        |  in |   32|  ap_memory |   conv_line_buffer   |     array    |
|conv_line_buffer_address1  | out |    4|  ap_memory |   conv_line_buffer   |     array    |
|conv_line_buffer_ce1       | out |    1|  ap_memory |   conv_line_buffer   |     array    |
|conv_line_buffer_we1       | out |    1|  ap_memory |   conv_line_buffer   |     array    |
|conv_line_buffer_d1        | out |   32|  ap_memory |   conv_line_buffer   |     array    |
|conv_line_buffer_q1        |  in |   32|  ap_memory |   conv_line_buffer   |     array    |
+---------------------------+-----+-----+------------+----------------------+--------------+

